Script started on Sun Aug  5 01:09:25 2012
bash-3.2$ rqils [K[K[K[K[Kails server -d
=> Booting WEBrick
=> Rails 3.2.6 application starting in development on http://0.0.0.0:3000
bash-3.2$ got st[K[K[K[K[Kit status
fatal: Not a git repository (or any of the parent directories): .git
bash-3.2$ ls - a
ls: -: No such file or directory
ls: a: No such file or directory
bash-3.2$ ls -l
total 64
-rw-r--r--   1 J2M  staff   778 14 Jul 23:35 Gemfile
-rw-r--r--   1 J2M  staff  2477  5 Aug 01:09 Gemfile.lock
-rw-r--r--   1 J2M  staff  9208 14 Jul 23:35 README.rdoc
-rw-r--r--   1 J2M  staff   273 14 Jul 23:35 Rakefile
drwxr-xr-x   8 J2M  staff   272 14 Jul 23:35 app
drwxr-xr-x  10 J2M  staff   340 14 Jul 23:35 config
-rw-r--r--   1 J2M  staff   158 14 Jul 23:35 config.ru
drwxr-xr-x   4 J2M  staff   136  5 Aug 01:11 db
drwxr-xr-x   3 J2M  staff   102 14 Jul 23:35 doc
drwxr-xr-x   4 J2M  staff   136 14 Jul 23:35 lib
drwxr-xr-x   4 J2M  staff   136  5 Aug 01:09 log
drwxr-xr-x   8 J2M  staff   272 14 Jul 23:35 public
drwxr-xr-x   3 J2M  staff   102 14 Jul 23:35 script
-rw-r--r--   1 J2M  staff   317  5 Aug 01:13 server
drwxr-xr-x   8 J2M  staff   272 14 Jul 23:35 test
drwxr-xr-x   6 J2M  staff   204  5 Aug 01:09 tmp
drwxr-xr-x   4 J2M  staff   136 14 Jul 23:35 vendor
bash-3.2$ ls 0[K-a
.		Gemfile.lock	config		lib		server
..		README.rdoc	config.ru	log		test
.gitignore	Rakefile	db		public		tmp
Gemfile		app		doc		script		vendor
bash-3.2$ vim .gitignore 
7[?47h[?1h=[1;24r[m[H[2J[24;1H".gitignore" ".gitignore" 15L, 430C[>c[1;1H# See http://help.github.com/ignore-files/ for more about ignoring files.
#
# If you find yourself ignoring temporary files generated by your text editor
# or operating system, you probably want to add a global ignore instead:
#   git config --global core.excludesfile ~/.gitignore_global

# Ignore bundler config
/.bundle

# Ignore the default SQLite database.
/db/*.sqlite3

# Ignore all logfiles and tempfiles.
/log/*.log
/tmp
[1m[34m~                                                                               [17;1H~                                                                               [18;1H~                                                                               [19;1H~                                                                               [20;1H~                                                                               [21;1H~                                                                               [22;1H~                                                                               [23;1H~                                                                               [1;1H


[3;1H[m[24;1H[1m-- INSERT --[m[24;14H[K[3;1H


[5;1H









[14;1H[13;1H[12;1H


/tmppi[15;5H[K[15;5H[16;1H[K[16;1H[17;1H[K[17;1H#  aauuggmmeennt  vveerrssiioon  iiwwtth [17;22H[K[17;22H[17;21H[K[17;21H[17;20H[K[17;20H[17;19H[K[17;19H wwiitth  uunnnne[17;27H[K[17;27H[17;26H[K[17;26Hneeeeddeed  iillees[17;35H[K[17;35H[17;34H[K[17;34H[17;33H[K[17;33H[17;32H[K[17;32H ffiillees[18;1H[K[18;1Hddoocc/[19;1H[K[19;1H**..sswwp[20;1H[K[20;1H**_[20;2H[K[20;2H*~[21;1H[K[21;1H..pprroojjeecct[22;1H[K[22;1H..DDEE__S[22;5H[K[22;5H[22;4H[K[22;4H[22;3H[K[22;3HDSS__SSttoorre[23;1H[K[23;1H..ood[23;3H[K[23;3H[23;2H[K[23;2H.iiddeea[1;23r[23;1H
[1;24r[24;1H[1m-- INSERT --[23;1H[m[24;1H[K[23;1H
:wq".gitignore" ".gitignore" 24L, 508C written
[?1l>[2J[?47l8bash-3.2$ gt[Kit add
fatal: Not a git repository (or any of the parent directories): .git
bash-3.2$ git add .
fatal: Not a git repository (or any of the parent directories): .git
bash-3.2$ ls -a 
.		Gemfile.lock	config		lib		server
..		README.rdoc	config.ru	log		test
.gitignore	Rakefile	db		public		tmp
Gemfile		app		doc		script		vendor
bash-3.2$ rm .gitignore 
bash-3.2$ git init
Initialized empty Git repository in /Users/J2M/Documents/Ruby/first_app/.git/
bash-3.2$ vim /gi[K[K[K.git/[K[K[K[K[K[K[K[K[Ks[Kls -a
.		Gemfile.lock	config		lib		server
..		README.rdoc	config.ru	log		test
.git		Rakefile	db		public		tmp
Gemfile		app		doc		script		vendor
bash-3.2$ vim .gitignore
7[?47h[?1h=[1;24r[m[H[2J[24;1H".gitignore" [New File][>c[2;1H[1m[34m~                                                                               [3;1H~                                                                               [4;1H~                                                                               [5;1H~                                                                               [6;1H~                                                                               [7;1H~                                                                               [8;1H~                                                                               [9;1H~                                                                               [10;1H~                                                                               [11;1H~                                                                               [12;1H~                                                                               [13;1H~                                                                               [14;1H~                                                                               [15;1H~                                                                               [16;1H~                                                                               [17;1H~                                                                               [18;1H~                                                                               [19;1H~                                                                               [20;1H~                                                                               [21;1H~                                                                               [22;1H~                                                                               [23;1H~                                                                               [1;1H[m[24;1H[1m-- INSERT --[m[24;14H[K[1;1H//..bbuunndde[1;7H[K[1;7Hdlle[2;1H[K[2;1H//ddbb//**..ssqqlliittee3[3;1H[K[3;1H//lloogg//**..lloog[4;1H[K[4;1H//ttmmp[5;1H[K[5;1Hddoocc/[6;1H[K[6;1H**..ssww[[6;5H[K[6;5Hwp[7;1H[K[7;1H**~[8;1H[K[8;1H..pprroojjeecct[9;1H[K[9;1H..DDEE__SStto[9;7H[K[9;7H[9;6H[K[9;6H[9;5H[K[9;5H[9;4H[K[9;4H[9;3H[K[9;3HDSS__SSy[9;6H[K[9;6HSttoorre[10;1H[K[10;1H..iiddeea[24;1H[K[10;5H[24;1H:wq".gitignore" ".gitignore" [New] 10L, 78C written
[?1l>[2J[?47l8bash-3.2$ giet[K[Kt .[Kadd .
bash-3.2$ goe[K[Kiet s[K[K[K[Kt status
# On branch master
#
# Initial commit
#
# Changes to be committed:
#   (use "git rm --cached <file>..." to unstage)
#
#	new file:   .gitignore
#	new file:   Gemfile
#	new file:   Gemfile.lock
#	new file:   README.rdoc
#	new file:   Rakefile
#	new file:   app/assets/images/rails.png
#	new file:   app/assets/javascripts/application.js
#	new file:   app/assets/stylesheets/application.css
#	new file:   app/controllers/application_controller.rb
#	new file:   app/helpers/application_helper.rb
#	new file:   app/mailers/.gitkeep
#	new file:   app/models/.gitkeep
#	new file:   app/views/layouts/application.html.erb
#	new file:   config.ru
#	new file:   config/application.rb
#	new file:   config/boot.rb
#	new file:   config/database.yml
#	new file:   config/environment.rb
#	new file:   config/environments/development.rb
#	new file:   config/environments/production.rb
#	new file:   config/environments/test.rb
#	new file:   config/initializers/backtrace_silencers.rb
#	new file:   config/initializers/inflections.rb
#	new file:   config/initializers/mime_types.rb
#	new file:   config/initializers/secret_token.rb
#	new file:   config/initializers/session_store.rb
#	new file:   config/initializers/wrap_parameters.rb
#	new file:   config/locales/en.yml
#	new file:   config/routes.rb
#	new file:   db/seeds.rb
#	new file:   lib/assets/.gitkeep
#	new file:   lib/tasks/.gitkeep
#	new file:   log/.gitkeep
#	new file:   public/404.html
#	new file:   public/422.html
#	new file:   public/500.html
#	new file:   public/favicon.ico
#	new file:   public/index.html
#	new file:   public/robots.txt
#	new file:   script/rails
#	new file:   server
#	new file:   test/fixtures/.gitkeep
#	new file:   test/functional/.gitkeep
#	new file:   test/integration/.gitkeep
#	new file:   test/performance/browsing_test.rb
#	new file:   test/test_helper.rb
#	new file:   test/unit/.gitkeep
#	new file:   vendor/assets/javascripts/.gitkeep
#	new file:   vendor/assets/stylesheets/.gitkeep
#	new file:   vendor/plugins/.gitkeep
#
bash-3.2$ gie[Kt commit -m @[K"INit[K[K[Knitial Commit"
[master (root-commit) b21c928] Initial Commit
 37 files changed, 1290 insertions(+)
 create mode 100644 .gitignore
 create mode 100644 Gemfile
 create mode 100644 Gemfile.lock
 create mode 100644 README.rdoc
 create mode 100644 Rakefile
 create mode 100644 app/assets/images/rails.png
 create mode 100644 app/assets/javascripts/application.js
 create mode 100644 app/assets/stylesheets/application.css
 create mode 100644 app/controllers/application_controller.rb
 create mode 100644 app/helpers/application_helper.rb
 create mode 100644 app/mailers/.gitkeep
 create mode 100644 app/models/.gitkeep
 create mode 100644 app/views/layouts/application.html.erb
 create mode 100644 config.ru
 create mode 100644 config/application.rb
 create mode 100644 config/boot.rb
 create mode 100644 config/database.yml
 create mode 100644 config/environment.rb
 create mode 100644 config/environments/development.rb
 create mode 100644 config/environments/production.rb
 create mode 100644 config/environments/test.rb
 create mode 100644 config/initializers/backtrace_silencers.rb
 create mode 100644 config/initializers/inflections.rb
 create mode 100644 config/initializers/mime_types.rb
 create mode 100644 config/initializers/secret_token.rb
 create mode 100644 config/initializers/session_store.rb
 create mode 100644 config/initializers/wrap_parameters.rb
 create mode 100644 config/locales/en.yml
 create mode 100644 config/routes.rb
 create mode 100644 db/seeds.rb
 create mode 100644 lib/assets/.gitkeep
 create mode 100644 lib/tasks/.gitkeep
 create mode 100644 log/.gitkeep
 create mode 100644 public/404.html
 create mode 100644 public/422.html
 create mode 100644 public/500.html
 create mode 100644 public/favicon.ico
 create mode 100644 public/index.html
 create mode 100644 public/robots.txt
 create mode 100755 script/rails
 create mode 100644 server
 create mode 100644 test/fixtures/.gitkeep
 create mode 100644 test/functional/.gitkeep
 create mode 100644 test/integration/.gitkeep
 create mode 100644 test/performance/browsing_test.rb
 create mode 100644 test/test_helper.rb
 create mode 100644 test/unit/.gitkeep
 create mode 100644 vendor/assets/javascripts/.gitkeep
 create mode 100644 vendor/assets/stylesheets/.gitkeep
 create mode 100644 vendor/plugins/.gitkeep
bash-3.2$ git remote add orging[K[K[K[Kigin git^[K@github.com:gasmyac[K[Kcar/first_app.git
bash-3.2$ git push -u orging[K master
fatal: 'orgin' does not appear to be a git repository
fatal: The remote end hung up unexpectedly
bash-3.2$ git push -u orgin master[4hi[4l
Permission denied (publickey).
fatal: The remote end hung up unexpectedly
bash-3.2$ git push -u origin master
Permission denied (publickey).
fatal: The remote end hung up unexpectedly
bash-3.2$ mkdir
usage: mkdir [-pv] [-m mode] directory ...
bash-3.2$ pwd
/Users/J2M/Documents/Ruby/first_app
bash-3.2$ cd ![K_[K~/.ssh
bash-3.2$ cd ![K_[K)[K~
bash-3.2$ ls -a
.
..
.DS_Store
.Trash
.Xcode
.bash_history
.bash_profile
.bash_profile.macports-saved_2012-06-16_at_23:14:19
.bashrc
.cups
.dvdcss
.gem
.gemrc
.gitconfig
.mplayer
.mysql_history
.rvm
.ssh
.viminfo
.zshrc
Desktop
Documents
Downloads
Incomplete
Library
Movies
Music
Pictures
Public
Shared
bash-3.2$ vim .ssh
7[?47h[?1h=[1;24r[m[H[2J[24;1H".ssh" is a directory[>c[1;1H" ============================================================================
" Netrw Directory Listing[39C (netrw v132)
"   /Users/J2M/.ssh
"   Sorted by      name
"   Sort sequence: [\/]$,\.h$,\.c$,\.cpp$,*,\.o$,\.obj$,\.info$,\.swp$,\.bak$,\~[6;1H"   Quick Help: <F1>:help  -:go up dir  D:delete  R:rename  s:sort-by  x:exec
" ============================================================================
../
key_backup/
id_rsa
id_rsa.pub
known_hosts
[1m[34m~                                                                               [14;1H~                                                                               [15;1H~                                                                               [16;1H~                                                                               [17;1H~                                                                               [18;1H~                                                                               [19;1H~                                                                               [20;1H~                                                                               [21;1H~                                                                               [22;1H~                                                                               [23;1H~                                                                               [8;1H[m[24;1H[K[24;1H:wq[1m[37m[41mE382: Cannot write, 'buftype' option is set[8;1H[m[24;1H[K[24;1H:q[24;1H[K[24;1H[?1l>[2J[?47l8bash-3.2$ cd .ssh
bash-3.2$ la[K -a
bash: l: command not found
bash-3.2$ ls -a
.		id_rsa		key_backup
..		id_rsa.pub	known_hosts
bash-3.2$ mkdir jeu[K[K[Kkey)[K_backup
mkdir: key_backup: File exists
bash-3.2$ ls -a
.		id_rsa		key_backup
..		id_rsa.pub	known_hosts
bash-3.2$ mkdir ey[K[K[K[K[K[K[K[Kcp id_rsa![K* key_backup/
bash-3.2$ rm id_rsa*
bash-3.2$ ssh [K-keygen -t rsa -C @[K"jmmognetti![K@mac.com"
Generating public/private rsa key pair.
Enter file in which to save the key (/Users/J2M/.ssh/id_rsa): 
Enter passphrase (empty for no passphrase): 
Enter same passphrase again: 
Your identification has been saved in /Users/J2M/.ssh/id_rsa.
Your public key has been saved in /Users/J2M/.ssh/id_rsa.pub.
The key fingerprint is:
ec:20:2a:23:60:24:91:fd:e2:43:ec:ee:a6:8c:60:ae jmmognetti@mac.com
The key's randomart image is:
+--[ RSA 2048]----+
|.o               |
|...              |
|.o .             |
|o + .  .         |
|.= .. . S        |
|o +. . o         |
|=o..    .        |
|Boo              |
|E*.              |
+-----------------+
bash-3.2$ pbcopy< [K[K < ~/.sh/id_rsa.pub
bash: /Users/J2M/.sh/id_rsa.pub: No such file or directory
bash-3.2$ pbcopy < ~/.sh/id_rsa.pubsh/id_rsa.pub
bash-3.2$ pbcopy < ~/.ssh/id_rsa.pub[1Ph/id_rsa.pub[C[C[C[C[C[C[C[C[C[Cssh-keygen -t rsa -C "jmmognetti@mac.com"[C[C[C[C[C[C[C[C[C[Crm id_rsa*[Kssh-keygen -t rsa -C "jmmognetti@mac.com"[C[C[C[C[C[C[C[C[C[C[16Ppbcopy < ~/.sh/id_rsa.pubsh/id_rsa.pub[C[C[C[C[C[C[C[C[C[C[Kcd /cop[K[K[KDoc[K[Kocum[K[K[K[K[K[K~/Documents/rub[K[K[KRuby/F[Kfirst_app/
bash-3.2$ cd ~/Documents/Ruby/first_app/[C[C[C[C[C[C[C[C[C[C[4Ppbcopy < ~/.ssh/id_rsa.pub[1Ph/id_rsa.pub[C[C[C[C[C[C[C[C[C[Cssh-keygen -t rsa -C "jmmognetti@mac.com"[C[C[C[C[C[C[C[C[C[Crm id_rsa*[Kcp id_rsa* key_backup/[C[C[C[C[C[C[C[C[C[Cls -a[Kmkdir key_backup[C[C[C[C[C[C[C[C[C[Cls -a[K[1P -acd .ssh[4hv[4lim[C[C[C[C[C[3Pls -a[1Pcd ~/.ssh[6Ppwdmkdirgit push -u origin master
Identity added: /Users/J2M/.ssh/id_rsa (/Users/J2M/.ssh/id_rsa)
ERROR: Repository not found.
fatal: The remote end hung up unexpectedly
bash-3.2$ git push -u origin master[C[C[C[C[C[C[C[C[C[Ccd ~/Documents/Ruby/first_app/[C[C[C[C[C[C[C[C[C[C[4Ppbcopy < ~/.ssh/id_rsa.pub[C[C[C[C[C[C[C[C[C[Ccd ~/Documents/Ruby/first_app/[C[C[C[C[C[C[C[C[C[C[4Ppbcopy < ~/.ssh/id_rsa.pub[1Ph/id_rsa.pub[C[C[C[C[C[C[C[C[C[Cssh-keygen -t rsa -C "jmmognetti@mac.com"[C[C[C[C[C[C[C[C[C[Crm id_rsa*[Kcp id_rsa* key_backup/[C[C[C[C[C[C[C[C[C[Cls -a[Kmkdir key_backup[C[C[C[C[C[C[C[C[C[Cls -a[K[1P -acd .ssh[4hv[4lim[C[C[C[C[C[3Pls -a[1Pcd ~/.ssh[6Ppwdmkdirgit push -u origin master
ERROR: Repository not found.
fatal: The remote end hung up unexpectedly
bash-3.2$ git push -u origin master[C[C[C[C[C[C[C[C[C[Ccd ~/Documents/Ruby/first_app/[C[C[C[C[C[C[C[C[C[C[4Ppbcopy < ~/.ssh/id_rsa.pub[1Ph/id_rsa.pub[C[C[C[C[C[C[C[C[C[Cssh-keygen -t rsa -C "jmmognetti@mac.com"[C[C[C[C[C[C[C[C[C[Crm id_rsa*[Kssh-keygen -t rsa -C "jmmognetti@mac.com"[C[C[C[C[C[C[C[C[C[C[16Ppbcopy < ~/.sh/id_rsa.pub[K[K[K[K[K[K[K[K[K[K[K[K[K[K[K[K[K[K[K[K[K[K[K[K[Kgit remote add orign[Kin https://github.co,[Km/GasMyCar/first_app.git
fatal: remote origin already exists.
bash-3.2$ git push -u origin master
ERROR: Repository not found.
fatal: The remote end hung up unexpectedly
bash-3.2$ git[K[K[Kgit push -u origin master[C[C[C[C[C[C[C[C[C[C[C[C[C[Cremote add origin https://github.com/GasMyCar/first_app.git[C[C[C[C[C[C[C[C
fatal: remote origin already exists.
bash-3.2$ git push -u origin master
ERROR: Repository not found.
fatal: The remote end hung up unexpectedly
bash-3.2$ ls -a
.		Gemfile.lock	config.ru	public		vendor
..		README.rdoc	db		script
.git		Rakefile	doc		server
.gitignore	app		lib		test
Gemfile		config		log		tmp
bash-3.2$ rm *[K-r .git
override r--r--r--  J2M/staff for .git/objects/01/cbfefa4665d17549d8e43be5223d47530f7009? yes
override r--r--r--  J2M/staff for .git/objects/08/5187fa58b1631e955f5d514d895a7721466797? yes
override r--r--r--  J2M/staff for .git/objects/0e/2d2dfbe263b1756ec69ce9bae21f4e20cf0a71? yes
override r--r--r--  J2M/staff for .git/objects/14/3443e951fdb5b49e1744508516a5db00c8367d? yes
override r--r--r--  J2M/staff for .git/objects/14/fe10af8a5d0f35c05e5c0ea924e5b7f60d1cda? y
override r--r--r--  J2M/staff for .git/objects/16/dae88e4633f3b33360ad690357a470dff288fb? y
override r--r--r--  J2M/staff for .git/objects/17/9c14ca52c384fc27f42fa76ea982c4674b3c20? y
override r--r--r--  J2M/staff for .git/objects/19/cb1c637acfd6f8ab180aaf1b0b45b610cbf006? y
override r--r--r--  J2M/staff for .git/objects/1f/3bebad2659e088ac0c926c18511666b3c8b4b8? y
override r--r--r--  J2M/staff for .git/objects/24/20abe3038342909597705c910ffb8dfc6bd38b? y
override r--r--r--  J2M/staff for .git/objects/24/258547e2feda3c5c83c8fd985ac17588cdf771? y
override r--r--r--  J2M/staff for .git/objects/29/fcd3527718bddb551ce8a1c752dd90e65dce43? y
override r--r--r--  J2M/staff for .git/objects/31/92ec897bb6021141b0d304b724886d0907c0db? yy
override r--r--r--  J2M/staff for .git/objects/38/e5761aae4ad2045a31cb08a41575fd17c7670e? y
override r--r--r--  J2M/staff for .git/objects/39/607559636d8daa2f4432225336c0ba71e2007d? y
override r--r--r--  J2M/staff for .git/objects/3f/ea27b91670e04c83a15269790a44b41b7d9ce1? y
override r--r--r--  J2M/staff for .git/objects/44/89e58688ca642d8e0e9489f6896f49f9b89da6? y
override r--r--r--  J2M/staff for .git/objects/48/6da35de91d3892e489f691c37bf25255addca3? y
override r--r--r--  J2M/staff for .git/objects/49/d4560b3981a89676c58e26550fded2ad5e9685? y
override r--r--r--  J2M/staff for .git/objects/4d/56656677e6ff4c8c1e325ea6b24de3e5c18a54? y
override r--r--r--  J2M/staff for .git/objects/4e/62d9ac8646cfd5124a8a598544c259fa2fe30c? ^[
rm: .git/objects/4e: Directory not empty
override r--r--r--  J2M/staff for .git/objects/51/a4dd459dc12673ad440debb28f499c89550022? 
rm: .git/objects/51: Directory not empty
override r--r--r--  J2M/staff for .git/objects/55/01f78c49aa97664e4f0033e9d69120008c9095? 
override r--r--r--  J2M/staff for .git/objects/55/d36c9605bfb2ff4f3fad0b7e6dbb554bc776b3? 
rm: .git/objects/55: Directory not empty
override r--r--r--  J2M/staff for .git/objects/59/385cdf379bd06a8d2326dcd4de6d5cd5d3f5b0? 
rm: .git/objects/59: Directory not empty
override r--r--r--  J2M/staff for .git/objects/5d/8d9be237b28d4ebdad9cec9510764ab88154e6? 
rm: .git/objects/5d: Directory not empty
override r--r--r--  J2M/staff for .git/objects/72/aca7e441e1855f8c7a7ac1f1cbe5d42cd1235b? 
rm: .git/objects/72: Directory not empty
override r--r--r--  J2M/staff for .git/objects/7a/1d9dd04f0fdf3626605d36cd2cb81ddc8f5c65? 
rm: .git/objects/7a: Directory not empty
override r--r--r--  J2M/staff for .git/objects/7c/36f2356ecd12c70a4bfcde0ff671e560daf460? 
rm: .git/objects/7c: Directory not empty
override r--r--r--  J2M/staff for .git/objects/7e/bbf2b3815510f57c1c987c9c81003ad43295c9? 
rm: .git/objects/7e: Directory not empty
override r--r--r--  J2M/staff for .git/objects/80/139e342b98c3cdf21b09bc5fc94a16548547cf? 
rm: .git/objects/80: Directory not empty
override r--r--r--  J2M/staff for .git/objects/82/4f032a3957f4438e9434e12bc3573295dfbb7f? 
rm: .git/objects/82: Directory not empty
override r--r--r--  J2M/staff for .git/objects/83/660ab1878ba9adc6477ed910333e32bb6b46ce? 
rm: .git/objects/83: Directory not empty
override r--r--r--  J2M/staff for .git/objects/84/6dc72ce4f3a7bfab5bfa986ea87b6e7e9ab0c1? 
override r--r--r--  J2M/staff for .git/objects/84/734b520d37241c8e8a9e84a805d4ceddc2ce79? 
rm: .git/objects/84: Directory not empty
override r--r--r--  J2M/staff for .git/objects/86/a2d78902ecbd90da8daead35b239e969e158ba? 
rm: .git/objects/86: Directory not empty
override r--r--r--  J2M/staff for .git/objects/8b/f1192ffec252a4562218bdf299891a319b9cb9? 
rm: .git/objects/8b: Directory not empty
override r--r--r--  J2M/staff for .git/objects/90/97d830e2c27e4b1dd291b1e3ee72149251cca1? 
rm: .git/objects/90: Directory not empty
override r--r--r--  J2M/staff for .git/objects/91/40a954c0e75b02e6c62791e4b2a227f7b9c9d8? 
rm: .git/objects/91: Directory not empty
override r--r--r--  J2M/staff for .git/objects/9a/48320a5f1c025b6cc9819ab539a6d17fcbaf81? 
override r--r--r--  J2M/staff for .git/objects/9a/6d84a35b2adc97e67f9bdcc8eb7f17f49b48d9? 
rm: .git/objects/9a: Directory not empty
override r--r--r--  J2M/staff for .git/objects/a1/d50995c53e3f1d72bf6eaf8f0b203c8c34569d? 
rm: .git/objects/a1: Directory not empty
override r--r--r--  J2M/staff for .git/objects/a8/9954e0f61f60585d97949387505eb3aea4c7f4? 
rm: .git/objects/a8: Directory not empty
override r--r--r--  J2M/staff for .git/objects/b2/1c928b2d0d2a55af657d3c74d232b82fe48d4f? 
rm: .git/objects/b2: Directory not empty
override r--r--r--  J2M/staff for .git/objects/b3/2f88435f10740749857710d3b84a48c74cc68d? 
rm: .git/objects/b3: Directory not empty
override r--r--r--  J2M/staff for .git/objects/c7/8dd32f4096ba925f1ab31d2ecd084f4a1f47e3? 
rm: .git/objects/c7: Directory not empty
override r--r--r--  J2M/staff for .git/objects/d3/4dfa024df03f80a15d0ef1740bf1bc77c1d361? 
rm: .git/objects/d3: Directory not empty
override r--r--r--  J2M/staff for .git/objects/d5/64d0bc3dd917926892c55e3706cc116d5b165e? 
override r--r--r--  J2M/staff for .git/objects/d5/edc04e65f555e3ba4dcdaad39dc352e75b575e? 
rm: .git/objects/d5: Directory not empty
override r--r--r--  J2M/staff for .git/objects/da/4fb076f39796af95712e5c4025e9c8505567c4? 
rm: .git/objects/da: Directory not empty
override r--r--r--  J2M/staff for .git/objects/de/6be7945c6a59798eb0ace177df38b05e98c2f0? 
rm: .git/objects/de: Directory not empty
override r--r--r--  J2M/staff for .git/objects/e6/9de29bb2d1d6434b8b29ae775ad8c2e48c5391? 
rm: .git/objects/e6: Directory not empty
override r--r--r--  J2M/staff for .git/objects/e8/065d9505d7ec6f727021c827de18a0a95737de? 
rm: .git/objects/e8: Directory not empty
override r--r--r--  J2M/staff for .git/objects/ef/e2962b09ada5b07e7f0869bd24203fb2abd1dc? 
rm: .git/objects/ef: Directory not empty
override r--r--r--  J2M/staff for .git/objects/f3/648a0dbc9f021131677c88383f1cc9b15ea22e? 
rm: .git/objects/f3: Directory not empty
override r--r--r--  J2M/staff for .git/objects/f4/b6877cb1489db027268f1bce8512da75276788? 
rm: .git/objects/f4: Directory not empty
override r--r--r--  J2M/staff for .git/objects/f5/491c2323e75b9df95eb3c8f5a1cd064bc35a8b? ^C
bash-3.2$ ls -a
.		Gemfile.lock	config.ru	public		vendor
..		README.rdoc	db		script
.git		Rakefile	doc		server
.gitignore	app		lib		test
Gemfile		config		log		tmp
bash-3.2$ rm [K[K[Ksudo rm -r .git 
Password:
bash-3.2$ ls -a
.		Gemfile.lock	config		lib		server
..		README.rdoc	config.ru	log		test
.gitignore	Rakefile	db		public		tmp
Gemfile		app		doc		script		vendor
bash-3.2$ got [K[K